2026-08-25 23:29:50,886	INFO worker.py:2013 -- Started a local Ray instance.
C:\Users\2bpro\anaconda3\envs\aip\Lib\site-packages\ray\_private\worker.py:2052: FutureWarning: Tip: In future versions of Ray, Ray will no longer override accelerator visible devices env var if num_gpus=0 or num_gpus=None (default). To enable this behavior and turn off this error message, set RAY_ACCEL_ENV_VAR_OVERRIDE_ON_ZERO=0
  warnings.warn(
2026-08-25 23:29:52,542	WARNING algorithm_config.py:5131 -- You are running SAC on the new API stack! This is the new default behavior for this algorithm. If you don't want to use the new API stack, set `config.api_stack(enable_rl_module_and_learner=False,enable_env_runner_and_connector_v2=False)`. For a detailed migration guide, see here: https://docs.ray.io/en/master/rllib/new-api-stack-migration-guide.html
2026-08-25 23:29:52,549	WARNING sac.py:491 -- You are running SAC on the new API stack! This is the new default behavior for this algorithm. If you don't want to use the new API stack, set `config.api_stack(enable_rl_module_and_learner=False, enable_env_runner_and_connector_v2=False)`. For a detailed migration guide, see here: https://docs.ray.io/en/master/rllib/new-api-stack-migration-guide.html
C:\Users\2bpro\anaconda3\envs\aip\Lib\site-packages\ray\rllib\algorithms\algorithm.py:527: RayDeprecationWarning: This API is deprecated and may be removed in future Ray releases. You could suppress this warning by setting env variable PYTHONWARNINGS="ignore::DeprecationWarning"
`UnifiedLogger` will be removed in Ray 2.7.
  return UnifiedLogger(config, logdir, loggers=None)
C:\Users\2bpro\anaconda3\envs\aip\Lib\site-packages\ray\tune\logger\unified.py:53: RayDeprecationWarning: This API is deprecated and may be removed in future Ray releases. You could suppress this warning by setting env variable PYTHONWARNINGS="ignore::DeprecationWarning"
The `JsonLogger interface is deprecated in favor of the `ray.tune.json.JsonLoggerCallback` interface and will be removed in Ray 2.7.
  self._loggers.append(cls(self.config, self.logdir, self.trial))
C:\Users\2bpro\anaconda3\envs\aip\Lib\site-packages\ray\tune\logger\unified.py:53: RayDeprecationWarning: This API is deprecated and may be removed in future Ray releases. You could suppress this warning by setting env variable PYTHONWARNINGS="ignore::DeprecationWarning"
The `CSVLogger interface is deprecated in favor of the `ray.tune.csv.CSVLoggerCallback` interface and will be removed in Ray 2.7.
  self._loggers.append(cls(self.config, self.logdir, self.trial))
C:\Users\2bpro\anaconda3\envs\aip\Lib\site-packages\ray\tune\logger\unified.py:53: RayDeprecationWarning: This API is deprecated and may be removed in future Ray releases. You could suppress this warning by setting env variable PYTHONWARNINGS="ignore::DeprecationWarning"
The `TBXLogger interface is deprecated in favor of the `ray.tune.tensorboardx.TBXLoggerCallback` interface and will be removed in Ray 2.7.
  self._loggers.append(cls(self.config, self.logdir, self.trial))
[2026-08-25 23:29:54,420 E 18684 15700] core_worker.cc:2232: Actor with class name: 'SingleAgentEnvRunner' and ID: 'eb54bf0175bd69274f26f16201000000' has constructor arguments in the object store and max_restarts > 0. If the arguments in the object store go out of scope or are lost, the actor restart will fail. See https://github.com/ray-project/ray/issues/53727 for more details.
[33m(raylet)[0m Stack (most recent call first):
[33m(raylet)[0m   File "C:\Users\2bpro\anaconda3\envs\aip\Lib\site-packages\ray\_private\worker.py", line 625 in job_logging_config
[33m(raylet)[0m   File "C:\Users\2bpro\anaconda3\envs\aip\Lib\site-packages\ray\_private\worker.py", line 2800 in disconnect
[33m(raylet)[0m   File "C:\Users\2bpro\anaconda3\envs\aip\Lib\site-packages\ray\_private\worker.py", line 2132 in shutdown
[33m(raylet)[0m   File "C:\Users\2bpro\anaconda3\envs\aip\Lib\site-packages\ray\_private\worker.py", line 1144 in wrapper
[36m(SingleAgentEnvRunner pid=31480)[0m DeprecationWarning: `RLModule(config=[RLModuleConfig object])` has been deprecated. Use `RLModule(observation_space=.., action_space=.., inference_only=.., model_config=.., catalog_class=..)` instead. This will raise an error in the future!
[33m(raylet)[0m   File "C:\Users\2bpro\anaconda3\envs\aip\Lib\site-packages\ray\_private\client_mode_hook.py", line 104 in wrapper
2026-08-25 23:30:02,407	WARNING rl_module.py:463 -- DeprecationWarning: `RLModule(config=[RLModuleConfig object])` has been deprecated. Use `RLModule(observation_space=.., action_space=.., inference_only=.., model_config=.., catalog_class=..)` instead. This will raise an error in the future!
2026-08-25 23:30:02,444	WARNING sac.py:491 -- You are running SAC on the new API stack! This is the new default behavior for this algorithm. If you don't want to use the new API stack, set `config.api_stack(enable_rl_module_and_learner=False, enable_env_runner_and_connector_v2=False)`. For a detailed migration guide, see here: https://docs.ray.io/en/master/rllib/new-api-stack-migration-guide.html
2026-08-25 23:30:02,509	WARNING util.py:62 -- Install gputil for GPU system monitoring.
